{"storeBindings":{},"storeExpression":{"contents":[[],{"contents":[[],"Nothing"],"tag":"MyConstructor"},[[{"contents":[[],"Nothing",[]],"tag":"PConstructor"},{"contents":[[],{"contents":false,"tag":"MyBool"}],"tag":"MyLiteral"}],[{"contents":[],"tag":"PWildcard"},{"contents":[[],{"contents":true,"tag":"MyBool"}],"tag":"MyLiteral"}]]],"tag":"MyPatternMatch"},"storeTypeBindings":{"Nothing":"40a2cb2053877597240532e98497460451bda893e3616be55d26256cbfe80c79"}}