{"storeBindings":{"const":"f9fdf23242c2a154ecd0329fd3792c144d9a94f80f41712f6ef7bc391f12295e"},"storeExpression":{"tag":"MyApp","expFunc":{"tag":"MyApp","expFunc":{"tag":"MyVar","expVar":"const","expAnn":null},"expAnn":null,"expArg":{"tag":"MyLiteral","expLit":{"litInt":2,"tag":"MyInt"},"expAnn":null}},"expAnn":null,"expArg":{"tag":"MyLiteral","expLit":{"litInt":100,"tag":"MyInt"},"expAnn":null}},"storeTypeBindings":{}}