{"storeBindings":{},"storeExpression":{"expBinder":{"idAnn":null,"tag":"Identifier","idVar":"state"},"tag":"MyLambda","expBody":{"expBinder":{"idAnn":null,"tag":"Identifier","idVar":"s"},"tag":"MyLambda","expBody":{"expPatterns":[[{"patAnn":null,"patTyCon":"State","tag":"PConstructor","patMatches":[{"patVar":"sas","patAnn":null,"tag":"PVar"}]},{"tag":"MyApp","expFunc":{"tag":"MyVar","expVar":"sas","expAnn":null},"expAnn":null,"expArg":{"tag":"MyVar","expVar":"s","expAnn":null}}]],"tag":"MyPatternMatch","expAnn":null,"expExpr":{"tag":"MyVar","expVar":"state","expAnn":null}},"exprAnn":null},"exprAnn":null},"storeTypeBindings":{"State":"c064abdfcbb3f4225abe566d9c4330eba9ed0967b30ded49a811758a761aff26"}}