{"storeExpression":{"contents":[[],{"dtVars":["a"],"dtConstructors":{"Record":[{"contents":[[],{"name":{"contents":[[],"MTString"],"tag":"MTPrim"},"other":{"contents":[[],{"contents":"a","tag":"TVName"}],"tag":"MTVar"}}],"tag":"MTRecord"}]},"dtName":"Record"},{"contents":[[],{"contents":true,"tag":"MyBool"}],"tag":"MyLiteral"}],"tag":"MyData"},"storeBindings":{},"storeTypeBindings":{}}