{"storeBindings":{},"storeExpression":{"contents":[[],{"contents":[[],"fromMaybe"],"tag":"Identifier"},{"contents":[[],{"contents":[[],"def"],"tag":"Identifier"},{"contents":[[],{"contents":[[],"maybe"],"tag":"Identifier"},{"contents":[[],{"contents":[[],"maybe"],"tag":"MyVar"},[[{"contents":[[],"Just",[{"contents":[[],"a"],"tag":"PVar"}]],"tag":"PConstructor"},{"contents":[[],"a"],"tag":"MyVar"}],[{"contents":[[],"Nothing",[]],"tag":"PConstructor"},{"contents":[[],"def"],"tag":"MyVar"}]]],"tag":"MyPatternMatch"}],"tag":"MyLambda"}],"tag":"MyLambda"},{"contents":[[],{"contents":[[],{"contents":[[],"fromMaybe"],"tag":"MyVar"},{"contents":[[],{"contents":"Horse","tag":"MyString"}],"tag":"MyLiteral"}],"tag":"MyApp"},{"contents":[[],{"contents":[[],"Just"],"tag":"MyConstructor"},{"contents":[[],{"contents":"Dog","tag":"MyString"}],"tag":"MyLiteral"}],"tag":"MyApp"}],"tag":"MyApp"}],"tag":"MyLet"},"storeTypeBindings":{"Just":"5eef0f018deb80642d9e20a568142aa6df4d35be4081e34268c1dac922daaabb","Nothing":"5eef0f018deb80642d9e20a568142aa6df4d35be4081e34268c1dac922daaabb"}}