{"storeExpression":{"contents":[[],{"contents":[[],{"contents":[[],"Just"],"tag":"MyConstructor"},{"contents":[[],{"contents":1,"tag":"MyInt"}],"tag":"MyLiteral"}],"tag":"MyConsApp"},[[{"contents":[[],"Just",[{"contents":[[],"a"],"tag":"PVar"}]],"tag":"PConstructor"},{"contents":[[],{"contents":[[],"Just"],"tag":"MyConstructor"},{"contents":[[],"a"],"tag":"MyVar"}],"tag":"MyConsApp"}],[{"contents":[],"tag":"PWildcard"},{"contents":[[],"Nothing"],"tag":"MyConstructor"}]]],"tag":"MyPatternMatch"},"storeBindings":{},"storeTypeBindings":{"Just":"ff8422b3f55aa458583397499f246df66b538bc4921f693cf02c70edbe6326f6","Nothing":"ff8422b3f55aa458583397499f246df66b538bc4921f693cf02c70edbe6326f6"}}