{"storeBindings":{},"storeExpression":{"expPatterns":[[{"patAnn":[],"patSpread":{"tag":"NoSpread"},"tag":"PArray","patArray":[{"patAnn":[],"patTyCon":"Just","tag":"PConstructor","patMatches":[{"patLiteral":{"litInt":1,"tag":"MyInt"},"patAnn":[],"tag":"PLit"}]}]},{"tag":"MyLiteral","expLit":{"tag":"MyBool","litBool":true},"expAnn":[]}],[{"patAnn":[],"tag":"PWildcard"},{"tag":"MyLiteral","expLit":{"tag":"MyBool","litBool":false},"expAnn":[]}]],"tag":"MyPatternMatch","expAnn":[],"expExpr":{"tag":"MyArray","expArrayItems":[],"expAnn":[]}},"storeTypeBindings":{"Just":"6b5d7cd84ea9089bd2075ecfd0d66807b4158aab1fe8552b45ad05d84134c745"}}