{"storeBindings":{"eq":"6b6f954052905fc349c65819c6aac49e2fb347a86c555de35c43f9f59aff0f9d"},"storeExpression":{"expAnn":null,"expBody":{"expAnn":null,"expArg":{"expAnn":null,"expLit":{"litInt":1,"tag":"MyInt"},"tag":"MyLiteral"},"expFunc":{"expAnn":null,"expArg":{"expAnn":null,"expLit":{"litInt":100,"tag":"MyInt"},"tag":"MyLiteral"},"expFunc":{"expAnn":null,"expVar":"eq","tag":"MyVar"},"tag":"MyApp"},"tag":"MyApp"},"expDataType":{"dtConstructors":{"Just":[{"tag":"MTVar","typAnn":null,"typIdent":{"tag":"TVName","tiNum":null,"tiVar":"a"}}],"Nothing":[]},"dtName":"Maybe","dtVars":["a"]},"tag":"MyData"},"storeTypeBindings":{}}