{"storeBindings":{"anyChar":"7538c773374c19fa6eddad1065339808f5e21d72badfa0062add1c88be4da937","runParser":"6b04a513d3f6ee13fcaba6e17925e801e1b18a899fcd2e0d0f0e2d9d0d601fee","fmapParser":"65aeeaf2cb16b1d7d1fc3ca47d7baa6c215111d055b8c7ca218a1c3378acbf5f"},"storeExpression":{"contents":[[],{"contents":[[],"repeat"],"tag":"Identifier"},{"contents":[[],{"contents":[[],{"contents":[[],"fmapParser"],"tag":"MyVar"},{"contents":[[],{"contents":[[],"a"],"tag":"Identifier"},{"contents":[[],{"tag":"StringConcat"},{"contents":[[],"a"],"tag":"MyVar"},{"contents":[[],"a"],"tag":"MyVar"}],"tag":"MyInfix"}],"tag":"MyLambda"}],"tag":"MyApp"},{"contents":[[],"anyChar"],"tag":"MyVar"}],"tag":"MyApp"},{"contents":[[],{"contents":[[],{"contents":[[],"runParser"],"tag":"MyVar"},{"contents":[[],"repeat"],"tag":"MyVar"}],"tag":"MyApp"},{"contents":[[],{"contents":"dog","tag":"MyString"}],"tag":"MyLiteral"}],"tag":"MyApp"}],"tag":"MyLet"},"storeTypeBindings":{}}