{"storeBindings":{},"storeExpression":{"expBinder":{"idAnn":[],"tag":"Identifier","idVar":"a"},"tag":"MyLet","expBody":{"tag":"MyVar","expVar":"a","expAnn":[]},"expAnn":[],"expExpr":{"tag":"MyLiteral","expLit":{"tag":"MyBool","litBool":true},"expAnn":[]}},"storeTypeBindings":{}}