{"storeExpression":{"contents":[[],{"dtVars":["a"],"dtConstructors":{"Leaf":[{"contents":[[],{"contents":"a","tag":"TVName"}],"tag":"MTVar"}],"Branch":[{"contents":[[],"Tree",[{"contents":[[],{"contents":"a","tag":"TVName"}],"tag":"MTVar"}]],"tag":"MTData"},{"contents":[[],"Tree",[{"contents":[[],{"contents":"a","tag":"TVName"}],"tag":"MTVar"}]],"tag":"MTData"}]},"dtName":"Tree"},{"contents":[[],{"contents":[[],"Leaf"],"tag":"MyConstructor"},{"contents":[[],{"contents":1,"tag":"MyInt"}],"tag":"MyLiteral"}],"tag":"MyConsApp"}],"tag":"MyData"},"storeBindings":{},"storeTypeBindings":{}}