{"storeExpression":{"contents":[[],"repeat",{"contents":[[],{"contents":[[],{"contents":[[],"fmapParser"],"tag":"MyVar"},{"contents":[[],"a",{"contents":[[],{"tag":"StringConcat"},{"contents":[[],"a"],"tag":"MyVar"},{"contents":[[],"a"],"tag":"MyVar"}],"tag":"MyInfix"}],"tag":"MyLambda"}],"tag":"MyApp"},{"contents":[[],"anyChar"],"tag":"MyVar"}],"tag":"MyApp"},{"contents":[[],{"contents":[[],{"contents":[[],"runParser"],"tag":"MyVar"},{"contents":[[],"repeat"],"tag":"MyVar"}],"tag":"MyApp"},{"contents":[[],{"contents":"dog","tag":"MyString"}],"tag":"MyLiteral"}],"tag":"MyApp"}],"tag":"MyLet"},"storeBindings":{"runParser":"26d280849bfbc34acb38425563ff162f51cdec3cf9d99883b2e0a225b5433ad5","anyChar":"97fd543f42024c36b1b6337e13a7b57528ce6546a77cc5c9e3743340b37e0155","fmapParser":"02b44656ba9ffd055cfe0305071547a84d569a861a4003ca1a4ef233ce110eae"},"storeTypeBindings":{}}