{"storeBindings":{},"storeExpression":{"tag":"MyData","expBody":{"expTyCon":"Just","tag":"MyConstructor","expAnn":[]},"expAnn":[],"expDataType":{"dtConstructors":{"Just":[{"tag":"MTVar","typAnn":[],"typIdent":{"tag":"TVName","tiVar":"a","tiNum":null}}],"Nothing":[]},"dtName":"Maybe","dtVars":["a"]}},"storeTypeBindings":{}}