{"storeBindings":{},"storeExpression":{"expBinder":{"idAnn":null,"tag":"Identifier","idVar":"a"},"tag":"MyLambda","expBody":{"expPatterns":[[{"patAnn":null,"tag":"PString","patTail":{"stpVar":"tail","stpAnn":null,"tag":"StrValue"},"patHead":{"stpVar":"head","stpAnn":null,"tag":"StrValue"}},{"tag":"MyVar","expVar":"head","expAnn":null}],[{"patAnn":null,"tag":"PWildcard"},{"tag":"MyLiteral","expLit":{"tag":"MyString","litString":""},"expAnn":null}]],"tag":"MyPatternMatch","expAnn":null,"expExpr":{"tag":"MyVar","expVar":"a","expAnn":null}},"expAnn":null},"storeTypeBindings":{}}