{"storeBindings":{},"storeExpression":{"expBinder":{"idAnn":null,"tag":"Identifier","idVar":"a"},"tag":"MyLambda","expBody":{"tag":"MyVar","expVar":"a","expAnn":null},"expAnn":null},"storeTypeBindings":{}}