{"storeBindings":[],"storeExpression":{"expAnn":null,"expBody":{"expAnn":null,"expArg":{"expAnn":null,"expModuleName":null,"expTyCon":"Zero","tag":"MyConstructor"},"expFunc":{"expAnn":null,"expModuleName":null,"expTyCon":"Suc","tag":"MyConstructor"},"tag":"MyApp"},"expDataType":{"dtConstructors":{"Suc":[{"tag":"MTConstructor","typAnn":null,"typModuleName":null,"typTypeName":"Nat"}],"Zero":[]},"dtName":"Nat","dtVars":[]},"tag":"MyData"},"storeInfixes":{},"storeTypeBindings":{}}