{"storeBindings":{},"storeExpression":{"expPatterns":[[{"patAnn":null,"tag":"PRecord","patMap":{"dog":{"patVar":"a","patAnn":null,"tag":"PVar"}}},{"tag":"MyVar","expVar":"a","expAnn":null}]],"tag":"MyPatternMatch","expAnn":null,"expExpr":{"tag":"MyRecord","expAnn":null,"expRecordItems":{"dog":{"tag":"MyLiteral","expLit":{"litInt":1,"tag":"MyInt"},"expAnn":null}}}},"storeTypeBindings":{}}