{"storeBindings":{},"storeExpression":{"contents":[[],{"dtConstructors":{"Failure":[{"contents":[[],{"contents":[null,"e"],"tag":"TVName"}],"tag":"MTVar"}],"Success":[{"contents":[[],{"contents":[null,"a"],"tag":"TVName"}],"tag":"MTVar"}]},"dtName":"Result","dtVars":["e","a"]},{"contents":[[],{"contents":[[],{"contents":[[],"Failure"],"tag":"MyConstructor"},{"contents":[[],{"contents":"oh no","tag":"MyString"}],"tag":"MyLiteral"}],"tag":"MyApp"},[[{"contents":[[],"Success",[{"contents":[[],"a"],"tag":"PVar"}]],"tag":"PConstructor"},{"contents":[[],{"contents":"oh yes","tag":"MyString"}],"tag":"MyLiteral"}],[{"contents":[[],"Failure",[{"contents":[[],"e"],"tag":"PVar"}]],"tag":"PConstructor"},{"contents":[[],"e"],"tag":"MyVar"}]]],"tag":"MyPatternMatch"}],"tag":"MyData"},"storeTypeBindings":{}}