{"storeBindings":{"runParser":"4791f340e0a7a89926aca1b931d3c1db8d54db747e9ef13e96d360332f687463","anyChar":"b4304dbd39ce7ecaabf2320f0119050fd9caf5aea027a8540526de98c4572020"},"storeExpression":{"tag":"MyApp","expFunc":{"tag":"MyApp","expFunc":{"tag":"MyVar","expVar":"runParser","expAnn":[]},"expAnn":[],"expArg":{"tag":"MyVar","expVar":"anyChar","expAnn":[]}},"expAnn":[],"expArg":{"tag":"MyLiteral","expLit":{"tag":"MyString","litString":"dog"},"expAnn":[]}},"storeTypeBindings":{}}