{"storeBindings":{},"storeExpression":{"contents":[[],{"contents":[[],"Just"],"tag":"MyConstructor"},{"contents":[[],{"tag":"Equals"},{"contents":[[],{"contents":1,"tag":"MyInt"}],"tag":"MyLiteral"},{"contents":[[],{"contents":1,"tag":"MyInt"}],"tag":"MyLiteral"}],"tag":"MyInfix"}],"tag":"MyApp"},"storeTypeBindings":{"Just":"40a2cb2053877597240532e98497460451bda893e3616be55d26256cbfe80c79"}}