{"storeExpression":{"contents":[[],{"dtVars":[],"dtConstructors":{"Suc":[{"contents":[[],"OhNat",[]],"tag":"MTData"},{"contents":[[],"MTString"],"tag":"MTPrim"}],"Zero":[]},"dtName":"OhNat"},{"contents":[[],"Suc"],"tag":"MyConstructor"}],"tag":"MyData"},"storeBindings":{},"storeTypeBindings":{}}