{"storeBindings":[[[null,"compose"],"21d6bf82bd841b80647b19055fcfff02e8f2a195bc97d0801388ee2d15911754"]],"storeExpression":{"expAnn":null,"expBody":{"expAnn":null,"expLit":{"litBool":true,"tag":"MyBool"},"tag":"MyLiteral"},"expInfixFunc":{"expAnn":null,"expModuleName":null,"expVar":"compose","tag":"MyVar"},"expInfixOp":"<<<","tag":"MyDefineInfix"},"storeInfixes":{},"storeTypeBindings":{}}