{"storeExpression":{"contents":[[],{"contents":[[],{"contents":[[],"Just"],"tag":"MyConstructor"},{"contents":[[],{"contents":1,"tag":"MyInt"}],"tag":"MyLiteral"}],"tag":"MyApp"},[[{"contents":[[],"Just",[{"contents":[],"tag":"PWildcard"}]],"tag":"PConstructor"},{"contents":[[],{"contents":true,"tag":"MyBool"}],"tag":"MyLiteral"}],[{"contents":[[],"Nothing",[]],"tag":"PConstructor"},{"contents":[[],{"contents":false,"tag":"MyBool"}],"tag":"MyLiteral"}]]],"tag":"MyPatternMatch"},"storeBindings":{},"storeTypeBindings":{"Just":"ff8422b3f55aa458583397499f246df66b538bc4921f693cf02c70edbe6326f6","Nothing":"ff8422b3f55aa458583397499f246df66b538bc4921f693cf02c70edbe6326f6"}}