{"storeBindings":{"incrementInt":"e48bed07075a8f4b07adb754f76996fe8e8ef8cc4adda0d3d53e6327637f6e7a"},"storeExpression":{"contents":[[],{"dtVars":[],"dtConstructors":{"Suc":[{"contents":[[],"Nat"],"tag":"MTConstructor"}],"Zero":[]},"dtName":"Nat"},{"contents":[[],"loop",{"contents":[[],"as",{"contents":[[],"b",{"contents":[[],{"contents":[[],"as"],"tag":"MyVar"},[[{"contents":[[],"Zero",[]],"tag":"PConstructor"},{"contents":[[],"b"],"tag":"MyVar"}],[{"contents":[[],"Suc",[{"contents":[[],"as2"],"tag":"PVar"}]],"tag":"PConstructor"},{"contents":[[],{"contents":[[],"incrementInt"],"tag":"MyVar"},{"contents":[[],{"contents":[[],{"contents":[[],"loop"],"tag":"MyVar"},{"contents":[[],"as2"],"tag":"MyVar"}],"tag":"MyApp"},{"contents":[[],"b"],"tag":"MyVar"}],"tag":"MyApp"}],"tag":"MyApp"}]]],"tag":"MyPatternMatch"}],"tag":"MyLambda"}],"tag":"MyLambda"},{"contents":[[],{"contents":[[],{"contents":[[],"loop"],"tag":"MyVar"},{"contents":[[],{"contents":[[],"Suc"],"tag":"MyConstructor"},{"contents":[[],{"contents":[[],"Suc"],"tag":"MyConstructor"},{"contents":[[],{"contents":[[],"Suc"],"tag":"MyConstructor"},{"contents":[[],"Zero"],"tag":"MyConstructor"}],"tag":"MyApp"}],"tag":"MyApp"}],"tag":"MyApp"}],"tag":"MyApp"},{"contents":[[],{"contents":10,"tag":"MyInt"}],"tag":"MyLiteral"}],"tag":"MyApp"}],"tag":"MyLet"}],"tag":"MyData"},"storeTypeBindings":{}}