{"storeBindings":{"anyChar":"ae7cb77843ce926f8fb5e87fe7e45cb118c1e6266adc8c90aafafea161951f71","runParser":"4959fddb5bb6da7f28a2f163a511a03d6b69c8b407c4fad756a7bb9f65b2d60b"},"storeExpression":{"expAnn":null,"expArg":{"expAnn":null,"expLit":{"litString":"dog","tag":"MyString"},"tag":"MyLiteral"},"expFunc":{"expAnn":null,"expArg":{"expAnn":null,"expVar":"anyChar","tag":"MyVar"},"expFunc":{"expAnn":null,"expVar":"runParser","tag":"MyVar"},"tag":"MyApp"},"tag":"MyApp"},"storeTypeBindings":{}}