{"storeBindings":{"eq":"732a6ce58ea6ad5d9536798cf83713634e2a58ee7e9dfba328417a405fd95589","addInt":"f684d94e591908a6527bfa7a73fdee1f76e5f3617b30c3d2cdc0bc927fa96497"},"storeExpression":{"contents":[[],[[],"loop"],{"contents":[[],[[],"a"],{"contents":[[],{"contents":[[],{"contents":[[],{"contents":[[],"eq"],"tag":"MyVar"},{"contents":[[],{"contents":10,"tag":"MyInt"}],"tag":"MyLiteral"}],"tag":"MyApp"},{"contents":[[],"a"],"tag":"MyVar"}],"tag":"MyApp"},{"contents":[[],"a"],"tag":"MyVar"},{"contents":[[],{"contents":[[],"loop"],"tag":"MyVar"},{"contents":[[],{"contents":[[],{"contents":[[],"addInt"],"tag":"MyVar"},{"contents":[[],"a"],"tag":"MyVar"}],"tag":"MyApp"},{"contents":[[],{"contents":1,"tag":"MyInt"}],"tag":"MyLiteral"}],"tag":"MyApp"}],"tag":"MyApp"}],"tag":"MyIf"}],"tag":"MyLambda"},{"contents":[[],{"contents":[[],"loop"],"tag":"MyVar"},{"contents":[[],{"contents":1,"tag":"MyInt"}],"tag":"MyLiteral"}],"tag":"MyApp"}],"tag":"MyLet"},"storeTypeBindings":{}}