{"storeBindings":{},"storeExpression":{"expAnn":null,"expExpr":{"expAnn":null,"expLit":{"litBool":true,"tag":"MyBool"},"tag":"MyLiteral"},"expType":{"tag":"MTPrim","typAnn":null,"typPrim":"MTBool"},"tag":"MyAnnotation"},"storeTypeBindings":{}}