{"storeBindings":{"eq":"080b0c41a3a54fcd600224b2ecd95ba8db30eb36f1f1b956022b3029e5e8f23f"},"storeExpression":{"expAnn":null,"expBody":{"expAnn":null,"expArg":{"expAnn":null,"expLit":{"litInt":1,"tag":"MyInt"},"tag":"MyLiteral"},"expFunc":{"expAnn":null,"expArg":{"expAnn":null,"expLit":{"litInt":100,"tag":"MyInt"},"tag":"MyLiteral"},"expFunc":{"expAnn":null,"expModuleName":null,"expVar":"eq","tag":"MyVar"},"tag":"MyApp"},"tag":"MyApp"},"expDataType":{"dtConstructors":{"Just":[{"tag":"MTVar","typAnn":null,"typIdent":{"tag":"TVName","tiVar":"a"}}],"Nothing":[]},"dtName":"Maybe","dtVars":["a"]},"tag":"MyData"},"storeTypeBindings":{}}