{"storeBindings":{},"storeExpression":{"expAnn":null,"expBinder":{"idAnn":null,"idVar":"prelude","tag":"Identifier"},"expBody":{"expAnn":null,"expArg":{"expAnn":null,"expLit":{"litInt":1,"tag":"MyInt"},"tag":"MyLiteral"},"expFunc":{"expAnn":null,"expKey":"id","expRecord":{"expAnn":null,"expVar":"prelude","tag":"MyVar"},"tag":"MyRecordAccess"},"tag":"MyApp"},"expExpr":{"expAnn":null,"expRecordItems":{"id":{"expAnn":null,"expBinder":{"idAnn":null,"idVar":"i","tag":"Identifier"},"expBody":{"expAnn":null,"expVar":"i","tag":"MyVar"},"tag":"MyLambda"}},"tag":"MyRecord"},"tag":"MyLet"},"storeTypeBindings":{}}