{"storeBindings":[],"storeExpression":{"expAnn":null,"expBody":{"expAnn":null,"expModuleName":null,"expVar":"a","tag":"MyVar"},"expExpr":{"expAnn":null,"expArg":{"expAnn":null,"expArg":{"expAnn":null,"expLit":{"litBool":true,"tag":"MyBool"},"tag":"MyLiteral"},"expFunc":{"expAnn":null,"expModuleName":null,"expTyCon":"Ident","tag":"MyConstructor"},"tag":"MyApp"},"expFunc":{"expAnn":null,"expModuleName":null,"expTyCon":"Ident","tag":"MyConstructor"},"tag":"MyApp"},"expPattern":{"patAnn":null,"patMatches":[{"patAnn":null,"patMatches":[{"patAnn":null,"patVar":"a","tag":"PVar"}],"patModuleName":null,"patTyCon":"Ident","tag":"PConstructor"}],"patModuleName":null,"patTyCon":"Ident","tag":"PConstructor"},"tag":"MyLetPattern"},"storeInfixes":{},"storeTypeBindings":[[[null,"Ident"],"b6cf1348b6530fc367bb16ff0cabd1cb1f4fe04e78176f39100d94c0bb2a8afc"]],"storeTypes":[]}