{"storeBindings":{"predParser":"121a577559c5f298f8370fbb1d625cbbf0888557ad8a41d0d872e09db5bae5d6","anyChar":"4ff967f35bda5877d6dee3822767907956a921661a89ffd866fc6cfdc79d5348"},"storeExpression":{"contents":[[],{"contents":[[],"Parser",[{"contents":[[],"parser"],"tag":"PVar"}]],"tag":"PConstructor"},{"contents":[[],{"contents":[[],{"contents":[[],"predParser"],"tag":"MyVar"},{"contents":[[],{"contents":[[],"d"],"tag":"Identifier"},{"contents":[[],{"tag":"Equals"},{"contents":[[],"d"],"tag":"MyVar"},{"contents":[[],{"contents":"d","tag":"MyString"}],"tag":"MyLiteral"}],"tag":"MyInfix"}],"tag":"MyLambda"}],"tag":"MyApp"},{"contents":[[],"anyChar"],"tag":"MyVar"}],"tag":"MyApp"},{"contents":[[],{"contents":[[],"parser"],"tag":"MyVar"},{"contents":[[],{"contents":"dog","tag":"MyString"}],"tag":"MyLiteral"}],"tag":"MyApp"}],"tag":"MyLetPattern"},"storeTypeBindings":{"Parser":"81ed9e2a6573b7077df8539136b36bd5ee237c8d9ca96d1e45c05071c44ededd"}}