{"storeExpression":{"tag":"MyLambda","contents":[[],"state",{"tag":"MyLambda","contents":[[],"s",{"tag":"MyCaseMatch","contents":[[],{"tag":"MyVar","contents":[[],"state"]},[["State",{"tag":"MyLambda","contents":[[],"sas",{"tag":"MyApp","contents":[[],{"tag":"MyVar","contents":[[],"sas"]},{"tag":"MyVar","contents":[[],"s"]}]}]}]],null]}]}]},"storeBindings":{},"storeTypeBindings":{"State":"9606e92db14362387daa91f7481ecb07643a818f14fcba630cfe815a2b693c67"}}