{"storeExpression":{"expExpr":{"expAnn":null,"expRecordItems":{"dog":{"expAnn":null,"expLit":{"litBool":true,"tag":"MyBool"},"tag":"MyLiteral"}},"tag":"MyRecord"},"expBody":{"expAnn":null,"tag":"MyVar","expVar":"a"},"expAnn":null,"tag":"MyLetPattern","expPattern":{"tag":"PRecord","patMap":{"dog":{"patVar":"a","tag":"PVar","patAnn":null}},"patAnn":null}},"storeTypeBindings":{},"storeBindings":{}}