{"storeBindings":{},"storeExpression":{"expAnn":null,"expLit":{"litString":"Hi","tag":"MyString"},"tag":"MyLiteral"},"storeTypeBindings":{}}