{"storeExpression":{"expExpr":{"expBody":{"expAnn":null,"tag":"MyApp","expArg":{"expAnn":null,"tag":"MyVar","expVar":"a"},"expFunc":{"expTyCon":"Just","expAnn":null,"tag":"MyConstructor"}},"expAnn":null,"tag":"MyLambda","expBinder":{"idAnn":null,"tag":"Identifier","idVar":"a"}},"expBody":{"expAnn":null,"expElse":{"expTyCon":"Nothing","expAnn":null,"tag":"MyConstructor"},"expPred":{"expAnn":null,"expLit":{"litBool":true,"tag":"MyBool"},"tag":"MyLiteral"},"tag":"MyIf","expThen":{"expAnn":null,"tag":"MyApp","expArg":{"expAnn":null,"expLit":{"litInt":1,"tag":"MyInt"},"tag":"MyLiteral"},"expFunc":{"expAnn":null,"tag":"MyVar","expVar":"some"}}},"expAnn":null,"tag":"MyLet","expBinder":{"idAnn":null,"tag":"Identifier","idVar":"some"}},"storeTypeBindings":{"Nothing":"8055d1832968ad075531138e47d1e5d4c871916f1a8317e467b40a1a1469bd76","Just":"8055d1832968ad075531138e47d1e5d4c871916f1a8317e467b40a1a1469bd76"},"storeBindings":{}}