{"storeExpression":{"expExpr":{"expBody":{"expAnn":null,"tag":"MyVar","expVar":"abc"},"expAnn":null,"tag":"MyLambda","expBinder":{"tag":"AnnotatedIdentifier","idType":{"typAnn":null,"tag":"MTVar","typIdent":{"tiNum":null,"tiVar":"a","tag":"TVName"}},"idVar":"abc"}},"expBody":{"expAnn":null,"tag":"MyApp","expArg":{"expAnn":null,"expLit":{"litBool":true,"tag":"MyBool"},"tag":"MyLiteral"},"expFunc":{"expAnn":null,"tag":"MyVar","expVar":"identity"}},"expAnn":null,"tag":"MyLet","expBinder":{"idAnn":null,"tag":"Identifier","idVar":"identity"}},"storeTypeBindings":{},"storeBindings":{}}