{"storeBindings":{},"storeExpression":{"tag":"MyData","expBody":{"tag":"MyLiteral","expLit":{"tag":"MyBool","litBool":true},"expAnn":null},"expAnn":null,"expDataType":{"dtConstructors":{"Record":[{"tag":"MTRecord","typAnn":null,"typRecordItems":{"name":{"typPrim":"MTString","tag":"MTPrim","typAnn":null},"other":{"tag":"MTVar","typAnn":null,"typIdent":{"tag":"TVName","tiVar":"a","tiNum":null}}}}]},"dtName":"Record","dtVars":["a"]}},"storeTypeBindings":{}}