{"storeBindings":[[[null,"anyChar"],"cc8a0725aede1b8bcde664947ca78b5a0721441ac352a6beeb18c883a3c9bbbc"],[[null,"fmapParser"],"94248acee89a7fa3a8e408ec8f0004ca49ab86687df0714fd5a610a08c6d0090"],[[null,"runParser"],"621a2a169770768d3b5e930092dea47477f6b0de734b36a2f914b76d2ec364cd"]],"storeExpression":{"expAnn":null,"expArg":{"expAnn":null,"expLit":{"litString":"dog","tag":"MyString"},"tag":"MyLiteral"},"expFunc":{"expAnn":null,"expArg":{"expAnn":null,"expArg":{"expAnn":null,"expModuleName":null,"expVar":"anyChar","tag":"MyVar"},"expFunc":{"expAnn":null,"expArg":{"expAnn":null,"expBinder":{"idAnn":null,"idVar":"a"},"expBody":{"expAnn":null,"expBody":{"expAnn":null,"expModuleName":null,"expVar":"a","tag":"MyVar"},"expExpr":{"expAnn":null,"expModuleName":null,"expVar":"a","tag":"MyVar"},"expOperator":{"tag":"StringConcat"},"tag":"MyInfix"},"tag":"MyLambda"},"expFunc":{"expAnn":null,"expModuleName":null,"expVar":"fmapParser","tag":"MyVar"},"tag":"MyApp"},"tag":"MyApp"},"expFunc":{"expAnn":null,"expModuleName":null,"expVar":"runParser","tag":"MyVar"},"tag":"MyApp"},"tag":"MyApp"},"storeInfixes":{},"storeTypeBindings":[],"storeTypes":[]}