{"projectVersion":1,"projectUnitTests":{},"projectTypes":{"These":["18bf1b090f6feb700de13e139d6113e7d8d2c229705f49bab3a44efaae74e24e"],"State":["9606e92db14362387daa91f7481ecb07643a818f14fcba630cfe815a2b693c67"],"List":["458148663416afc00bc581ffbba5d5acd93693384f2bbe8ec0537894cbfa7228"],"None":["caf724443fbb3184e3bdd1664b0a8575f750bf0209c276797b627fb24596b473"],"Person":["99ef1f8a5b0e7751236415dd49e4a9c805e08856e4f7179223653f3e68fcddf3"],"This":["18bf1b090f6feb700de13e139d6113e7d8d2c229705f49bab3a44efaae74e24e"],"That":["18bf1b090f6feb700de13e139d6113e7d8d2c229705f49bab3a44efaae74e24e"],"Some":["caf724443fbb3184e3bdd1664b0a8575f750bf0209c276797b627fb24596b473"],"Parser":["7f0419c257cfd116e068c95aa7d347c9827c408400172759fc5e9e202bd7f187"],"Pair":["5ce1fc73ebaccd676659b038cbe720a2d9a939269cd0dd598bb2724d9b78f772"],"Nil":["458148663416afc00bc581ffbba5d5acd93693384f2bbe8ec0537894cbfa7228"],"Option":["caf724443fbb3184e3bdd1664b0a8575f750bf0209c276797b627fb24596b473"],"Unit":["814b95349d1bbf525f8c7782fa31001ae2d640dd7b6a9fc265c61b6223b421d6"],"Cons":["458148663416afc00bc581ffbba5d5acd93693384f2bbe8ec0537894cbfa7228"]},"projectBindings":{"eq":["f4420f4d5ca8818dd05dfc984072e6eb252cc13992d02b6c49da5196795cdd7b"],"typeParser":["7f0419c257cfd116e068c95aa7d347c9827c408400172759fc5e9e202bd7f187"],"subtractInt":["abbc1a1aeabc6a1b0020e4682ecaec71d8ab7934abe99a1cf664f78272bae5d6"],"addInt":["0627ac15208524aad873f4a9586b5fcd1fb92baeeadaeca7cf33c972d2db3559"],"typePair":["5ce1fc73ebaccd676659b038cbe720a2d9a939269cd0dd598bb2724d9b78f772"],"fmapParser":["802819ce346e36023ef5b0704dfe53e34a0ae6a7a1e3b023993cef6a82339382"],"storeName":["c72e5d7c88eabc58d64ac0f0958ac505826a36ba418787914af12dd9fde78a35"],"sndPair":["aa748f1fd34d06db2d738f5adcee2e01281064bd08f0a0a535f1715adf5fc1ca"],"fstPair":["d8d6db8fc1eb6f32c204c13dc2c214c638553a2992c2c278acbd7e3c9197c8ca"],"liftA2State":["1796c5cde2220fc2c3ea4b0323df8bbd5d2d0c9e13422e2e0a2b2996b4a4c981"],"eqTen":["a37108dbe39efd8630b0784771ad60b5a273e315827af6c74a192483f0fa509a"],"bindState":["b9c8aff491bc29da272ecf26fec7df7744c3d722c7f55f3c5d7bbba578b2eb81"],"runState":["6804ad718057cdafa43c1b82bed0f190c71d177432dc0ab87c7ec7b368e8dd32"],"bindParser":["f8493005e15a70da1c8d0cfc6b8def3b3dc1283b4beb3c4f4aa64ae495881de9"],"typeUnit":["814b95349d1bbf525f8c7782fa31001ae2d640dd7b6a9fc265c61b6223b421d6"],"anyChar":["852590d707c2bab1d5e1686cb041d2783ac2a28792c7fd28969beaa21707141f"],"runParser":["4a75cc720b94fa6ae5b73ea105646a1879f115f5eeb7215b17d23cf5c257b3ff"],"fmapOption":["a407f49a514fd9f52ff70db531505f594cce25442366b49986374038ad90995d"],"aRecord":["d690219cd3d8d03fabdee0ec2b40c8a50b76e11aae38a66bae0e7844d7b5e8fd"],"execState":["bd9f293d35b6c811309f0094ae17c9ab8898e9659ff90fab6992be075c260de2"],"typeState":["caf724443fbb3184e3bdd1664b0a8575f750bf0209c276797b627fb24596b473","9606e92db14362387daa91f7481ecb07643a818f14fcba630cfe815a2b693c67"],"typeThese":["18bf1b090f6feb700de13e139d6113e7d8d2c229705f49bab3a44efaae74e24e"],"incrementInt":["5108a363b990fd3d6cf2b65f4178576c03aa6a8283ed0f5ea4eb0a97708d4e7d"],"typeList":["458148663416afc00bc581ffbba5d5acd93693384f2bbe8ec0537894cbfa7228"],"pureState":["7fcfae242035a032f52ff6f2759a7551c5c4cc721886d51635a62cee6d868029"],"failParser":["7d87a335f419381e20472e181c642bfae24f40bb08c2dc0463135f14d03eb657"],"id":["594865d27d17e7ee1b021a7ebe8375ac49100769868141d161216b4c3aac319d"],"typePerson":["99ef1f8a5b0e7751236415dd49e4a9c805e08856e4f7179223653f3e68fcddf3"],"mapArray":["794fc289cea9c9d159db1802ff8af097dc5491c914c1c609c7784fefa4c9a68d"],"fmapState":["3a4db6e806147aa064d27a46fd523086a0d0ddf1f42dfbbd8c5902d4b7c65d01"],"compose":["998474e6ae1536a907514396971968240007913245a20de63dbf03b5e0e4aa8b","dcbad91b19bba4be46d3460bcdd678d9ac403aa811a120f59723305f26795363"],"aPair":["67e39016293496273e14d8da349d86c23d0ecb83743c827561ce985110d7a53c"],"nil":["db2fa4f2e49d77fc654d916ddbdf83b044553ae56d34cb9cb35b0f9b3ee8535b"],"apState":["57d625d478027e4b61392b022665c9351b32a80c495d78849fc650989481262d"],"evalState":["a8aa6fc1a0cc9ac3ad35031fe6f2e295c1ce1d5e617140a16d686eb462c19407"],"cons":["7a4ab4b79ea5148c4a16c19c488ced1f133d164b48f91d317a7d23e08b613cb6"],"snd":["8850483dfadde162cab7e3f9856ce089d449f41a0f2109470ab2d741c6e0fc75"],"fst":["b8aafaa61939c7ddbc7f19537ab8b126bc11cffe9e42c5bcff168364ce175427"]}}