{"projectUnitTests":{},"projectVersion":1,"projectBindings":{"cons":["ce20c2113044f85aec0cb17cb16b4db006daed85518494f7897da2b9cb9d9e5e"],"compose":["c5889c3e7150776564549e041887432d4085e5581c21fd97099d5b4536fa8bad","f48c2aa9ec2cc62e9389a73964a88b393230f70f7fa0dc8687d24512e7f2089b"],"evalState":["22919750f840f42919355cd701e61dda57e1d7ddc4989d1b2fe733973f38622a"],"subtractInt":["98a044cf7be402db6128b931750dc58f38f3550886ebf4b85a9ee2675ec0c575"],"const":["34161a0a5575b77b43934bf5eb439efb6857305038860a898355fba74c0f0e97"],"pair":["2952815772f40e953d8c895b6c6d3352046b79bb5dc9321d727ffd6446c2be28"],"anyChar":["6c40a905b03bf99a5e3e01783104e8266d72e01a98b14495c8d56dd39e4d93ad"],"execState":["c55785adc7030d1e9697a540f75ffd1e9dc931f49326c185fe652a42399e24a6"],"parser":["70debaff80c16a9c270593a0bb579bf694b699e4afca183b1ccb4eaa2f266fe7"],"aRecord":["05528271720984108f93dfd6237b05d5c4b1923eb0111684366d25b757b77b04"],"ident":["4d95ee299b912a0d3a6d1e918772241d1261e950469e09a978df12fbed1ed96c"],"bindState":["7e492dacfd8e9c577d31488a7397036771b9fd77d10124df4aa807ad86eccfb5"],"runParser":["1d29bc47cfb2f116b78a9c6f5e8da4ca366db3f2c4870ca12353ebe50f52c344"],"fmapState":["acc9249ab80de9fcb3df113712a3b4c918f40b0d38d287592189e3a9646a54cd"],"liftA2State":["c3b85c08cdbf61e68dfc713b936ce880d1bf11ec1cc8277ece5ec4c4dc3c5439"],"testStateUsages":["5d82be951f186a61c647382ec5c9d5e5bde521baffb9583d935d34f3775bf099"],"nil":["fe39579ba3ad2dbc4f0d3d7e4cc350e489da377af766822f9c9ca0dd4cebf963"],"int":["92e828e9e35fbd54abfdd8a02a241b4e2c459ed45283b85b2be927d3312af6ba"],"pureState":["1a4b4f1561603b720d6dbd1d8913c738c4961623a6ca48d630bfe3b926407e6b"],"typePerson":["503adefeb965cc802a28f5962fab30a2252815c043990c530ba6fc17cec99faf"],"stringMonoid":["e0844e3a9d4a77dca3f1e2edc31ff9cf3d687f05e4fd1349adba68118fa0e36a"],"storeName":["001cbcc3d9357d8e84e4da2ea5ba76a906bd7c42cc489b017258db0bc9bd5eb6"],"failParser":["84bd087c9fff6ae25260aad4c45d373a6ce9f75d123e19eed9cd47beb13ff822"],"snd":["72ced30c132100a29cfc661cd550da9dbc690ffcf530079ce996e0fa7b7c7d28"],"aPair":["053203cac1ed5811825bc5bf48556308073391fa213b6127b719e436750bb864"],"fst":["0ebe6957699d7aa71a3bc8199a07093c951c79d9cf10ec443535030ebf9f0261"],"typeThese":["88058c2e5fb63213ac54353f230a860538b1f5b85fbb3be8d822a951d2218865"],"typeState":["848c1027e9bc95fc30e70a43b758ae74f103bc86029e0e811f307918ae8158b4"],"maybeMonoid":["2181e77dcfa4bdcb3fb665e872f24440fa085045bcb1dc8d0b3da030e6656219"],"mapArray":["d824f092ebfedf7cd864529625c4a528ca2cf922aee3ffe7c392ead3e49c021b"],"predParser":["1b0753adbc16200673945b21a73f026e64b1de905ff85e869990284ca2973ede"],"incrementInt":["cbf119c17d17fdbca3847c5f831408eef1a4e9cf3007f412787282900d6af277"],"fstPair":["5e277ef11af306459d5effa710648ceec503dcf2b88eb42b3bb8e501251b876b"],"runState":["03becdc7d19cb028e5c74494b7c120fd8b3dd39ba5eeb234f25c7a21de506450"],"list":["951db4bdd18bf583b554925f3c52a3b0bc96b76198ce68a6a1b614813806f38d"],"eq":["388083cd1ec02c0d1c7cefc6482ccef6b79e8f70c12175926b0f93b7ba5d5a3d"],"sndPair":["efdee1f25d751fee76f4dbe141e69719b3da421eed199ca316133e824ee04c4d"],"apState":["9fdd7fc27fb7cb0121bbdc8d41e3f86393e3a078780f549db87a8e3847304bad"],"bindParser":["16532ab4a233a334eedbe57af54ae934297635cc02572b2933176ad87e6af97d"],"addInt":["5d0a13091b960ff4b046b24e5c37a346735bcfb39affa96717dc0982a9af06bb"],"state":["c48fbda20f3c3a7d6cdf6f4d63789a2d2b7fe832ece1f7551c28ef5f5f512af3"],"stringReduce":["1276e6658b6947edcea0ecd4d1e74dfd8b61adee1c5cc9205210262427b3642d"],"monoPair":["e22849237cb3696c238e9cccd01ba6bad300ea49c3b5a2ac9e81827167edf133"],"either":["02b0db12e2b004f2fbaf0491a96e3fff4823bfdf9fc2af0e2711ced8cd1c560a"],"and":["428f04a989d6cc746f1f21dbfed8163ef2154dbf11135b5ff205fa9542f7c968"],"sumMonoid":["2bf9a7318a5e26de26b93cd7371aa4afabbc023af3ff2fa9d23a96442edcf9ba"],"id":["306a7f39b1653d7a437f2b7ac006f44258e692797cc3f08f40591100c6b5a0dd"],"fmapParser":["4d9e1d4f468452ee52a005f13124321b800e543104cff6d2dbc0b2549259da85"],"fmapMaybe":["f0a60f2cf28d957986e2c893ac5ddba4f7c0acb1262b4f4500e9a07aa68a05e4"],"eqTen":["ca4dacf7e4aef38e3e8f63bd562ed8ed7ef7aef443318400a37c5f49fad2c692"]},"projectTypes":{"Cons":["ecccbb40e729a860adfdc116835a32487cc85e81bc1fef81e5c2ed31605d0a37"],"Pair":["ede05a51d6bf17769a34f79cfb04855631333df2e76e73bbaa432e2d75008af3"],"Right":["65b56064afd49950936e94bab54399839b96c263b0d4c288c607125cf3c49bfb"],"Parser":["2c102d23c8bb4c89f6443708504673256759102fc9221587035fd9ef93e95904"],"Ident":["d7becc9129104884e453771b9a46b604bff8f70f1f42e0af2609524121952d3d"],"This":["88058c2e5fb63213ac54353f230a860538b1f5b85fbb3be8d822a951d2218865"],"Nil":["ecccbb40e729a860adfdc116835a32487cc85e81bc1fef81e5c2ed31605d0a37"],"Left":["65b56064afd49950936e94bab54399839b96c263b0d4c288c607125cf3c49bfb"],"Monoid":["ff8ca784363905a03ac621c8aaef821ba05a9b6e495530641cb275e0eead676d"],"Nothing":["848c1027e9bc95fc30e70a43b758ae74f103bc86029e0e811f307918ae8158b4"],"That":["88058c2e5fb63213ac54353f230a860538b1f5b85fbb3be8d822a951d2218865"],"List":["ecccbb40e729a860adfdc116835a32487cc85e81bc1fef81e5c2ed31605d0a37"],"Person":["503adefeb965cc802a28f5962fab30a2252815c043990c530ba6fc17cec99faf"],"These":["88058c2e5fb63213ac54353f230a860538b1f5b85fbb3be8d822a951d2218865"],"State":["e0a93ff01b3db3bd49f60c8766eb5910ae73e0edb349ce070207e26a31d6bc7f"],"Just":["848c1027e9bc95fc30e70a43b758ae74f103bc86029e0e811f307918ae8158b4"],"Either":["65b56064afd49950936e94bab54399839b96c263b0d4c288c607125cf3c49bfb"],"MonoPair":["49f1116ab709578f2471fb9e56b45457692dcb003bfb25285afd79dc98249468"],"Maybe":["848c1027e9bc95fc30e70a43b758ae74f103bc86029e0e811f307918ae8158b4"]}}