{"projectVersion":1,"projectTests":{},"projectBindings":{"cons":["63c2b1357e0e2ff5446356f4df9c9f151d21b69c016fdd7734b4c46d571dbc56"],"compose":["c5889c3e7150776564549e041887432d4085e5581c21fd97099d5b4536fa8bad","f48c2aa9ec2cc62e9389a73964a88b393230f70f7fa0dc8687d24512e7f2089b"],"evalState":["1fd30a520402144eae58d639da6d410d797e9ec1e6498aa57b0e2ad581e63bf4"],"subtractInt":["98a044cf7be402db6128b931750dc58f38f3550886ebf4b85a9ee2675ec0c575"],"const":["34161a0a5575b77b43934bf5eb439efb6857305038860a898355fba74c0f0e97"],"pair":["f9ed0dca597cc159afb54579c30579f07149df9dc113eb96ea7c0f560c0e520e"],"anyChar":["7538c773374c19fa6eddad1065339808f5e21d72badfa0062add1c88be4da937"],"execState":["73314ba359a1869ad41e8de905a3d0f223612404f4d0024cfffde78453dff2b8"],"parser":["82d0d5014ddf73c6ea4fd6faf80a22206e82f5647cbb6b1b3655b165256d478c"],"aRecord":["05528271720984108f93dfd6237b05d5c4b1923eb0111684366d25b757b77b04"],"ident":["fc33297950b2d37cddc6569de2e2ee533274f5f85a8b517e995cc66fbc723e36"],"bindState":["8e9f8cd697d31d46475605acb79aa1851a9202db34f8372cf6840e05d477d0a3"],"runParser":["6b04a513d3f6ee13fcaba6e17925e801e1b18a899fcd2e0d0f0e2d9d0d601fee"],"fmapState":["9374278dfb55565152f0b7fa4965d5bcd0ccc707266821112d5e9dfeda9af9a3"],"tree":["4f02f810ed6f7a04fb985cf0966af0b974438058509b6e8646db32158c3c4477"],"liftA2State":["666d5c8d7f8b8b2588d733c2d854e75d224c0bd8ae3f62c3695d67f4fe55bf9e"],"testStateUsages":["b8ea3c3cbbc557ac4d0baf64792c87d7d07b4fc5a9174ba58095079a73e0203f"],"nil":["0cb69adf3f843a8c7925aaf4e0dea539d774370605aaad527f3c7b4390d68f65"],"constFalse":["5b6f07fdbb6012ec787c2d7795af26ff0dea4e211495a7ed3504a433753eab58"],"int":["92e828e9e35fbd54abfdd8a02a241b4e2c459ed45283b85b2be927d3312af6ba"],"pureState":["d5633ba477774e2cf099c9d5575676d5c6df7acb43743e0cfda4e48a94c02d53"],"typePerson":["503adefeb965cc802a28f5962fab30a2252815c043990c530ba6fc17cec99faf"],"stringMonoid":["42770581dbec2cd4c229318adf829a2f47bd6b1352b084f73129fd9c4d6d200e"],"storeName":["95bf41e516e2b7443040f3697a0f67b3f2728540b2c2bf2debde78fd2285aaaa"],"failParser":["21d03c33472b66ddc40a59372ee34d1e6cd0fae34cbf1e1b1897b48c8ce93467"],"snd":["72ced30c132100a29cfc661cd550da9dbc690ffcf530079ce996e0fa7b7c7d28"],"aPair":["053203cac1ed5811825bc5bf48556308073391fa213b6127b719e436750bb864"],"fst":["0ebe6957699d7aa71a3bc8199a07093c951c79d9cf10ec443535030ebf9f0261"],"typeThese":["05a5834dd3d69e402fd5145c70ca29a12d94055c9c153dad1109271073cf1bad"],"typeState":["b106449a99afe6cdb00eb4d918dceb0da3f9b38bf23dc44cd6509aff63eb6ef7"],"maybeMonoid":["30d7d2d447f490a1e924be96854fa0a36b9a43fb67b4bb01b02d4a0dcbb5a947"],"mapArray":["d824f092ebfedf7cd864529625c4a528ca2cf922aee3ffe7c392ead3e49c021b"],"predParser":["445d921e098c429218d7b7f39bf47d7a2962c6736fd687c7fe6129b7f9a92b41"],"incrementInt":["cbf119c17d17fdbca3847c5f831408eef1a4e9cf3007f412787282900d6af277"],"fstPair":["58205177850a94f9e0d55a9e93eaf1433297e95c8a2ec43ac1992726bbceb60f"],"runState":["9a9068e51625fcf5b3a5e409c52afba5468b2fcb6acdbffe6391894609821ea4"],"list":["3de941a65d9c48ccfc2cd59e8b15d2b8455f24cd4598e6faae64899dcd9e6d4c"],"invertTree":["674d4f4fd5e010a9febfd85428680fecaf77417a702f20cd581193efd9945082"],"eq":["388083cd1ec02c0d1c7cefc6482ccef6b79e8f70c12175926b0f93b7ba5d5a3d"],"sndPair":["bd951e17bb2e56f445a1607f9d96651617dcfebc80a37c3119b7b64e564b76ea"],"apState":["897a1ae68c1129bdabb226917ba548b80f6274aff5a5efd4e09bdf5962bf9c65"],"bindParser":["0b46a8f9d771e4f871df8dbe39a02f7261a6222dd2afe76f3bedbd00c683ba31"],"constTrue":["96b0419662572106c854b89706d35be025c941cdc8dd90f63768ea8acb98661d"],"addInt":["5d0a13091b960ff4b046b24e5c37a346735bcfb39affa96717dc0982a9af06bb"],"state":["2f8e605df86bf7a6707f3ba4b65e3c5b47020ffeed0bdf63538b22ed6ac77472"],"stringReduce":["1276e6658b6947edcea0ecd4d1e74dfd8b61adee1c5cc9205210262427b3642d"],"monoPair":["6ecb3d41feba05f89a9410068b8fdfcd0b34717de3b136e31e7dc4695e47f475"],"either":["ea7fc05d815bfa85939e037efecca703d67a96c1b9a855e10782a7b5ac4eb561"],"and":["428f04a989d6cc746f1f21dbfed8163ef2154dbf11135b5ff205fa9542f7c968"],"sumMonoid":["a0521beb044e79d98d701f740d6ff77082005ff178584c235819201e88794831"],"id":["306a7f39b1653d7a437f2b7ac006f44258e692797cc3f08f40591100c6b5a0dd"],"fmapParser":["65aeeaf2cb16b1d7d1fc3ca47d7baa6c215111d055b8c7ca218a1c3378acbf5f"],"trafficLight":["6495e8f0aaa1f422db68fc297b2e13e96de83bf601bcd21d583448b503ef3957"],"fmapMaybe":["358c0e21738d7a989844f779cfccb4aa20c37523aaade636346cefe9c98a1914"],"eqTen":["ca4dacf7e4aef38e3e8f63bd562ed8ed7ef7aef443318400a37c5f49fad2c692"]},"projectTypes":{"Cons":["916d7bf9b5b5369af80edab91f7b67e6e4f7c651df250d592ccbe23e8290b1c7"],"Pair":["5f46de7f1440ce56c9549a3729be483cdbe7ed795fcb9e995c9fae61a1b1db53"],"Right":["2cd416bf090d45c2e64a07ffb9dc99f6723f702b9b9bdca676c0eb58696b02f7"],"Parser":["4369548cc66030315e1351cfddfad1bd5b96fb460bfa52e71fe12103f87212d1"],"Ident":["ed718e31f76f32f858ef68f69b405a97639a3193da6fb7c0aad55c3ee8633188"],"Branch":["c98fd475a10d3f023e557b84835859cdbe32aa939545399871f5372ec74ab52d"],"Yellow":["2f941b701a722a35eccf85f73204f62544deadff326a4cfb428c39b5e545ffeb"],"This":["05a5834dd3d69e402fd5145c70ca29a12d94055c9c153dad1109271073cf1bad"],"Tree":["c98fd475a10d3f023e557b84835859cdbe32aa939545399871f5372ec74ab52d"],"Nil":["916d7bf9b5b5369af80edab91f7b67e6e4f7c651df250d592ccbe23e8290b1c7"],"Left":["2cd416bf090d45c2e64a07ffb9dc99f6723f702b9b9bdca676c0eb58696b02f7"],"Monoid":["dce84300a9f5195170b31e6241548063177159a5f05574b255671d280a210fed"],"Nothing":["b106449a99afe6cdb00eb4d918dceb0da3f9b38bf23dc44cd6509aff63eb6ef7"],"Green":["2f941b701a722a35eccf85f73204f62544deadff326a4cfb428c39b5e545ffeb"],"That":["05a5834dd3d69e402fd5145c70ca29a12d94055c9c153dad1109271073cf1bad"],"List":["916d7bf9b5b5369af80edab91f7b67e6e4f7c651df250d592ccbe23e8290b1c7"],"Person":["503adefeb965cc802a28f5962fab30a2252815c043990c530ba6fc17cec99faf"],"These":["05a5834dd3d69e402fd5145c70ca29a12d94055c9c153dad1109271073cf1bad"],"State":["25c20cd8228584a0727e59c777af680da6832c7beba11a57fc66bd78748f8b2f"],"Just":["b106449a99afe6cdb00eb4d918dceb0da3f9b38bf23dc44cd6509aff63eb6ef7"],"Either":["2cd416bf090d45c2e64a07ffb9dc99f6723f702b9b9bdca676c0eb58696b02f7"],"MonoPair":["2236f2909fd0aafd5c00fdc72a691d76f67fdda824fc4ac85138e427e831940f"],"Maybe":["b106449a99afe6cdb00eb4d918dceb0da3f9b38bf23dc44cd6509aff63eb6ef7"],"Leaf":["c98fd475a10d3f023e557b84835859cdbe32aa939545399871f5372ec74ab52d"],"Red":["2f941b701a722a35eccf85f73204f62544deadff326a4cfb428c39b5e545ffeb"],"TrafficLight":["2f941b701a722a35eccf85f73204f62544deadff326a4cfb428c39b5e545ffeb"]}}