{"storeExpression":{"tag":"MyData","contents":[[],{"dtConstructors":{"Just":[{"tag":"VarName","contents":"a"}],"Nothing":[]},"dtName":"Maybe","dtVars":["a"]},{"tag":"MyConstructor","contents":[[],"Just"]}]},"storeBindings":{},"storeTypeBindings":{}}