{"storeExpression":{"tag":"MyLet","contents":[[],"fromMaybe",{"tag":"MyLambda","contents":[[],"def",{"tag":"MyLambda","contents":[[],"maybe",{"tag":"MyCaseMatch","contents":[[],{"tag":"MyVar","contents":[[],"maybe"]},[["Some",{"tag":"MyLambda","contents":[[],"a",{"tag":"MyVar","contents":[[],"a"]}]}],["Nowt",{"tag":"MyVar","contents":[[],"def"]}]],null]}]}]},{"tag":"MyApp","contents":[[],{"tag":"MyApp","contents":[[],{"tag":"MyVar","contents":[[],"fromMaybe"]},{"tag":"MyLiteral","contents":[[],{"tag":"MyString","contents":"Horse"}]}]},{"tag":"MyConsApp","contents":[[],{"tag":"MyConstructor","contents":[[],"Some"]},{"tag":"MyLiteral","contents":[[],{"tag":"MyString","contents":"Dog"}]}]}]}]},"storeBindings":{},"storeTypeBindings":{"Nowt":4,"Some":4}}