{"storeExpression":{"tag":"MyLambda","contents":[[],"state",{"tag":"MyLambda","contents":[[],"s",{"tag":"MyCaseMatch","contents":[[],{"tag":"MyVar","contents":[[],"state"]},[["State",{"tag":"MyLambda","contents":[[],"sas",{"tag":"MyApp","contents":[[],{"tag":"MyVar","contents":[[],"sas"]},{"tag":"MyVar","contents":[[],"s"]}]}]}]],null]}]}]},"storeBindings":{},"storeTypeBindings":{"State":"892cfba27a494a37422f3b06f2047e8a9a4329412cca7e203e90ff9c26e7178c"}}