{"storeExpression":{"tag":"MyLet","contents":[[],"compose",{"tag":"MyLambda","contents":[[],"f",{"tag":"MyLambda","contents":[[],"g",{"tag":"MyLambda","contents":[[],"a",{"tag":"MyApp","contents":[[],{"tag":"MyVar","contents":[[],"f"]},{"tag":"MyApp","contents":[[],{"tag":"MyVar","contents":[[],"g"]},{"tag":"MyVar","contents":[[],"a"]}]}]}]}]}]},{"tag":"MyApp","contents":[[],{"tag":"MyApp","contents":[[],{"tag":"MyApp","contents":[[],{"tag":"MyVar","contents":[[],"compose"]},{"tag":"MyVar","contents":[[],"incrementInt"]}]},{"tag":"MyVar","contents":[[],"incrementInt"]}]},{"tag":"MyLiteral","contents":[[],{"tag":"MyInt","contents":67}]}]}]},"storeBindings":{"incrementInt":"5108a363b990fd3d6cf2b65f4178576c03aa6a8283ed0f5ea4eb0a97708d4e7d"},"storeTypeBindings":{}}