{"storeExpression":{"tag":"MyData","contents":[[],{"dtConstructors":{"Empty":[],"Item":[{"tag":"VarName","contents":"a"},{"tag":"ConsName","contents":["Arr",[{"tag":"VarName","contents":"a"}]]}]},"dtName":"Arr","dtVars":["a"]},{"tag":"MyCaseMatch","contents":[[],{"tag":"MyConsApp","contents":[[],{"tag":"MyConsApp","contents":[[],{"tag":"MyConstructor","contents":[[],"Item"]},{"tag":"MyLiteral","contents":[[],{"tag":"MyInt","contents":1}]}]},{"tag":"MyConsApp","contents":[[],{"tag":"MyConsApp","contents":[[],{"tag":"MyConstructor","contents":[[],"Item"]},{"tag":"MyLiteral","contents":[[],{"tag":"MyInt","contents":2}]}]},{"tag":"MyConstructor","contents":[[],"Empty"]}]}]},[["Empty",{"tag":"MyConstructor","contents":[[],"Empty"]}],["Item",{"tag":"MyLambda","contents":[[],"a",{"tag":"MyLambda","contents":[[],"rest",{"tag":"MyVar","contents":[[],"rest"]}]}]}]],null]}]},"storeBindings":{},"storeTypeBindings":{}}