{"storeExpression":{"tag":"MyInfix","contents":[[],"Add",{"tag":"MyInfix","contents":[[],"Add",{"tag":"MyInfix","contents":[[],"Add",{"tag":"MyLiteral","contents":[[],{"tag":"MyInt","contents":1}]},{"tag":"MyLiteral","contents":[[],{"tag":"MyInt","contents":1}]}]},{"tag":"MyLiteral","contents":[[],{"tag":"MyInt","contents":1}]}]},{"tag":"MyLiteral","contents":[[],{"tag":"MyInt","contents":1}]}]},"storeBindings":{},"storeTypeBindings":{}}